******************************************************************************
                  TI ARM Linker Unix v20.2.7                   
******************************************************************************
>> Linked Sat Apr 27 21:39:52 2024

OUTPUT FILE NAME:   <project1_deep_shinglot.out>
ENTRY POINT SYMBOL: "_c_int00_noargs"  address: 000092c9


MEMORY CONFIGURATION

         name            origin    length      used     unused   attr    fill
----------------------  --------  ---------  --------  --------  ----  --------
  FLASH                 00000000   00040000  000097cc  00036834  R  X
  SRAM                  20000000   00008000  000033a2  00004c5e  RW X


SEGMENT ALLOCATION MAP

run origin  load origin   length   init length attrs members
----------  ----------- ---------- ----------- ----- -------
00000000    00000000    000097d0   000097d0    r-x
  00000000    00000000    0000026c   0000026c    r-- .intvecs
  0000026c    0000026c    00009324   00009324    r-x .text
  00009590    00009590    000001ec   000001ec    r-- .const
  00009780    00009780    00000050   00000050    r-- .cinit
20000000    20000000    000033a3   00000000    rw-
  20000000    20000000    00002710   00000000    rw- .stack
  20002710    20002710    00000827   00000000    rw- .bss
  20002f38    20002f38    00000400   00000000    rw- .sysmem
  20003338    20003338    0000006b   00000000    rw- .data


SECTION ALLOCATION MAP

 output                                  attributes/
section   page    origin      length       input sections
--------  ----  ----------  ----------   ----------------
.intvecs   0    00000000    0000026c     
                  00000000    0000026c     tm4c123gh6pm_startup_ccs.obj (.intvecs)

.text      0    0000026c    00009324     
                  0000026c    0000105c     dhcp.obj (.text)
                  000012c8    00000cf0     ethernet.obj (.text)
                  00001fb8    00000b14     rtsv7M4_T_le_v4SPD16_eabi.lib : _scanfi.c.obj (.text:__TI_scanfi)
                  00002acc    00000aec     mqtt.obj (.text)
                  000035b8    00000a4e     rtsv7M4_T_le_v4SPD16_eabi.lib : _printfi.c.obj (.text:__TI_printfi)
                  00004006    00000002                                   : _lock.c.obj (.text:_nop)
                  00004008    00000814     tcp.obj (.text)
                  0000481c    00000808     gpio.obj (.text)
                  00005024    00000714     eth0.obj (.text)
                  00005738    000005a4     doorLock.obj (.text)
                  00005cdc    000004ac     ip.obj (.text)
                  00006188    00000460     rtsv7M4_T_le_v4SPD16_eabi.lib : strtod.c.obj (.text:strtod)
                  000065e8    000003a4     timer.obj (.text)
                  0000698c    000002f4     arp.obj (.text)
                  00006c80    000002e0     socket.obj (.text)
                  00006f60    000002d2     udp.obj (.text)
                  00007232    00000002     rtsv7M4_T_le_v4SPD16_eabi.lib : div0.asm.obj (.text)
                  00007234    00000270                                   : _printfi.c.obj (.text:_pconv_a)
                  000074a4    000001dc                                   : strtoll.c.obj (.text:strtoll)
                  00007680    000001d0                                   : _printfi.c.obj (.text:_pconv_g)
                  00007850    000001b6                                   : fd_add_t2.asm.obj (.text)
                  00007a06    00000160     icmp.obj (.text)
                  00007b66    00000002     --HOLE-- [fill = 0]
                  00007b68    00000160     spi0.obj (.text)
                  00007cc8    0000015c     rtsv7M4_T_le_v4SPD16_eabi.lib : strtoull.c.obj (.text:strtoull)
                  00007e24    0000013c                                   : _printfi.c.obj (.text:_pconv_e)
                  00007f60    00000136                                   : fd_div_t2.asm.obj (.text)
                  00008096    00000002     --HOLE-- [fill = 0]
                  00008098    00000130                                   : strtol.c.obj (.text:strtol)
                  000081c8    00000128     uart0.obj (.text)
                  000082f0    00000124     rtsv7M4_T_le_v4SPD16_eabi.lib : _printfi.c.obj (.text:fcvt)
                  00008414    00000110                                   : s_scalbn.c.obj (.text:scalbn)
                  00008524    00000110                                   : strtoul.c.obj (.text:strtoul)
                  00008634    00000100                                   : memory.c.obj (.text:aligned_alloc)
                  00008734    000000fc                                   : fd_mul_t2.asm.obj (.text)
                  00008830    000000d4     nvic.obj (.text)
                  00008904    000000b1     rtsv7M4_T_le_v4SPD16_eabi.lib : _printfi.c.obj (.text:_ltostr)
                  000089b5    00000001     --HOLE-- [fill = 0]
                  000089b6    0000009c                                   : memcpy_t2.asm.obj (.text)
                  00008a52    00000096                                   : ull_div_t2.asm.obj (.text)
                  00008ae8    00000086                                   : fd_cmp_t2.asm.obj (.text:__aeabi_cdcmple)
                  00008b6e    00000086                                   : fd_cmp_t2.asm.obj (.text:__aeabi_cdrcmple)
                  00008bf4    00000084     eeprom.obj (.text)
                  00008c78    0000007a     rtsv7M4_T_le_v4SPD16_eabi.lib : memset_t2.asm.obj (.text)
                  00008cf2    00000002     --HOLE-- [fill = 0]
                  00008cf4    00000070                                   : memory.c.obj (.text:split)
                  00008d64    0000006e                                   : _printfi.c.obj (.text:_mcpy)
                  00008dd2    0000006e                                   : fd_tos_t2.asm.obj (.text)
                  00008e40    00000068                                   : sscanf.c.obj (.text:_chkmbc)
                  00008ea8    00000068                                   : copy_decompress_lzss.c.obj (.text:decompress:lzss:__TI_decompress_lzss)
                  00008f10    00000064                                   : s_frexp.c.obj (.text:frexp)
                  00008f74    00000056                                   : _printfi.c.obj (.text:_pconv_f)
                  00008fca    00000054                                   : _ltoa.c.obj (.text:__TI_ltoa)
                  0000901e    00000052                                   : _printfi.c.obj (.text:_ecpy)
                  00009070    0000004c                                   : atoi.c.obj (.text:atoi)
                  000090bc    0000004c                                   : snprintf.c.obj (.text:snprintf)
                  00009108    00000048                                   : fd_toi_t2.asm.obj (.text)
                  00009150    00000044                                   : autoinit.c.obj (.text:__TI_auto_init_nobinit_nopinit:__TI_auto_init_nobinit_nopinit)
                  00009194    00000044                                   : fd_tou_t2.asm.obj (.text)
                  000091d8    00000040                                   : strtok.c.obj (.text:strtok)
                  00009218    0000003e                                   : _printfi.c.obj (.text:_fcpy)
                  00009256    00000002     --HOLE-- [fill = 0]
                  00009258    00000038                                   : sscanf.c.obj (.text:sscanf)
                  00009290    00000036                                   : strncpy.c.obj (.text:strncpy)
                  000092c6    00000002     --HOLE-- [fill = 0]
                  000092c8    00000034                                   : boot_cortex_m.c.obj (.text:_c_int00_noargs:_c_int00_noargs)
                  000092fc    00000030                                   : snprintf.c.obj (.text:_outs)
                  0000932c    0000002e                                   : i_tofd_t2.asm.obj (.text)
                  0000935a    0000002a                                   : strspn.c.obj (.text:strspn)
                  00009384    00000028                                   : memory.c.obj (.text:free_list_insert)
                  000093ac    00000024                                   : strcspn.c.obj (.text:strcspn)
                  000093d0    00000024     wait.obj (.text)
                  000093f4    00000020     rtsv7M4_T_le_v4SPD16_eabi.lib : u_tofd_t2.asm.obj (.text)
                  00009414    0000001c                                   : memory.c.obj (.text:free_list_remove)
                  00009430    0000001c                                   : memccpy.c.obj (.text:memccpy)
                  0000944c    0000001a                                   : s_copysign.c.obj (.text:copysign)
                  00009466    00000018                                   : snprintf.c.obj (.text:_outc)
                  0000947e    00000018                                   : ll_mul_t2.asm.obj (.text)
                  00009496    00000018                                   : strcmp.c.obj (.text:strcmp)
                  000094ae    00000018                                   : strrchr.c.obj (.text:strrchr)
                  000094c6    00000016                                   : strchr.c.obj (.text:strchr)
                  000094dc    00000014                                   : strcpy.c.obj (.text:strcpy)
                  000094f0    00000014                                   : strlen.c.obj (.text:strlen)
                  00009504    00000012                                   : sscanf.c.obj (.text:_inpchar)
                  00009516    00000012                                   : wcslen.c.obj (.text:wcslen)
                  00009528    00000010     clock.obj (.text)
                  00009538    00000010     rtsv7M4_T_le_v4SPD16_eabi.lib : tolower.c.obj (.text:tolower)
                  00009548    0000000e                                   : copy_decompress_none.c.obj (.text:decompress:none:__TI_decompress_none)
                  00009556    0000000c                                   : copy_zero_init.c.obj (.text:decompress:ZI:__TI_zero_init)
                  00009562    0000000c     tm4c123gh6pm_startup_ccs.obj (.text)
                  0000956e    00000002     --HOLE-- [fill = 0]
                  00009570    00000008     rtsv7M4_T_le_v4SPD16_eabi.lib : errno.c.obj (.text:__aeabi_errno_addr)
                  00009578    00000008                                   : sscanf.c.obj (.text:_uninpchar)
                  00009580    00000008                                   : memory.c.obj (.text:malloc)
                  00009588    00000004                                   : pre_init.c.obj (.text:_system_pre_init)
                  0000958c    00000004                                   : exit.c.obj (.text:abort:abort)

.const     0    00009590    000001ec     
                  00009590    00000101     rtsv7M4_T_le_v4SPD16_eabi.lib : ctype.c.obj (.const:.string:_ctypes_)
                  00009691    00000006     mqtt.obj (.const:.string:$P$T0$1)
                  00009697    00000001     --HOLE-- [fill = 0]
                  00009698    000000c8     rtsv7M4_T_le_v4SPD16_eabi.lib : strtod.c.obj (.const:$O1$$)
                  00009760    00000010                                   : _scanfi.c.obj (.const:$O1$$)
                  00009770    0000000c     doorLock.obj (.const:.string:$P$T0$1)

.cinit     0    00009780    00000050     
                  00009780    00000028     (.cinit..data.load) [load image, compression = lzss]
                  000097a8    0000000c     (__TI_handler_table)
                  000097b4    00000004     --HOLE-- [fill = 0]
                  000097b8    00000008     (.cinit..bss.load) [load image, compression = zero_init]
                  000097c0    00000010     (__TI_cinit_table)

.init_array 
*          0    00000000    00000000     UNINITIALIZED

.stack     0    20000000    00002710     UNINITIALIZED
                  20000000    00000004     rtsv7M4_T_le_v4SPD16_eabi.lib : boot_cortex_m.c.obj (.stack)
                  20000004    0000270c     --HOLE--

.bss       0    20002710    00000827     UNINITIALIZED
                  20002710    000005b4     (.common:data)
                  20002cc4    00000118     (.common:sockets)
                  20002ddc    00000054     (.common:strInput)
                  20002e30    00000034     (.common:token)
                  20002e64    00000028     (.common:fn)
                  20002e8c    00000028     (.common:period)
                  20002eb4    00000028     (.common:ticks)
                  20002edc    0000001c     (.common:sMQTT)
                  20002ef8    0000000c     (.common:reload)
                  20002f04    00000008     (.common:clientArr)
                  20002f0c    00000008     (.common:tcpPorts)
                  20002f14    00000004     (.common:clientSequence)
                  20002f18    00000004     (.common:dhcpOfferedIpAdd)
                  20002f1c    00000004     (.common:dhcpServerIpAdd)
                  20002f20    00000004     (.common:privateKey)
                  20002f24    00000004     (.common:publicKey)
                  20002f28    00000004     (.common:range)
                  20002f2c    00000004     (.common:serverSequence)
                  20002f30    00000004     (.common:tcpState)
                  20002f34    00000002     (.common:payloadSize)
                  20002f36    00000001     (.common:tokenSize)

.sysmem    0    20002f38    00000400     UNINITIALIZED
                  20002f38    00000010     rtsv7M4_T_le_v4SPD16_eabi.lib : memory.c.obj (.sysmem)
                  20002f48    000003f0     --HOLE--

.data      0    20003338    0000006b     UNINITIALIZED
                  20003338    0000001f     dhcp.obj (.data)
                  20003357    00000001     ethernet.obj (.data)
                  20003358    00000009     doorLock.obj (.data)
                  20003361    00000003     eth0.obj (.data)
                  20003364    00000008     rtsv7M4_T_le_v4SPD16_eabi.lib : _lock.c.obj (.data:$O1$$)
                  2000336c    00000008                                   : memory.c.obj (.data:$O1$$)
                  20003374    00000008     mqtt.obj (.data)
                  2000337c    00000006     eth0.obj (.data:hwAddress)
                  20003382    00000004     ip.obj (.data:ipAddress)
                  20003386    00000004     ip.obj (.data:ipDnsAddress)
                  2000338a    00000004     ip.obj (.data:ipGwAddress)
                  2000338e    00000004     ip.obj (.data:ipSubnetMask)
                  20003392    00000004     ip.obj (.data:ipTimeServerAddress)
                  20003396    00000002     --HOLE--
                  20003398    00000004     rtsv7M4_T_le_v4SPD16_eabi.lib : errno.c.obj (.data)
                  2000339c    00000004                                   : strtok.c.obj (.data)
                  200033a0    00000003     tcp.obj (.data)

__llvm_prf_cnts 
*          0    20000000    00000000     UNINITIALIZED

MODULE SUMMARY

       Module                         code    ro data   rw data
       ------                         ----    -------   -------
    ./
       mqtt.obj                       2796    6         1496   
       dhcp.obj                       4188    0         39     
       ethernet.obj                   3312    0         85     
       tcp.obj                        2068    0         25     
       gpio.obj                       2056    0         0      
       eth0.obj                       1812    0         9      
       doorLock.obj                   1444    12        82     
       ip.obj                         1196    0         20     
       timer.obj                      932     0         132    
       socket.obj                     736     0         280    
       arp.obj                        756     0         0      
       udp.obj                        722     0         0      
       tm4c123gh6pm_startup_ccs.obj   12      620       0      
       icmp.obj                       352     0         0      
       spi0.obj                       352     0         0      
       uart0.obj                      296     0         0      
       nvic.obj                       212     0         0      
       eeprom.obj                     132     0         0      
       wait.obj                       36      0         0      
       clock.obj                      16      0         0      
    +--+------------------------------+-------+---------+---------+
       Total:                         23426   638       2168   
                                                               
    /home/deep/ti/ccs1240/ccs/tools/compiler/ti-cgt-arm_20.2.7.LTS/lib/rtsv7M4_T_le_v4SPD16_eabi.lib
       _printfi.c.obj                 4851    0         0      
       _scanfi.c.obj                  2836    16        0      
       strtod.c.obj                   1120    200       0      
       strtoll.c.obj                  476     0         0      
       memory.c.obj                   444     0         8      
       fd_add_t2.asm.obj              438     0         0      
       strtoull.c.obj                 348     0         0      
       fd_div_t2.asm.obj              310     0         0      
       strtol.c.obj                   304     0         0      
       s_scalbn.c.obj                 272     0         0      
       strtoul.c.obj                  272     0         0      
       fd_cmp_t2.asm.obj              268     0         0      
       ctype.c.obj                    0       257       0      
       fd_mul_t2.asm.obj              252     0         0      
       sscanf.c.obj                   186     0         0      
       memcpy_t2.asm.obj              156     0         0      
       ull_div_t2.asm.obj             150     0         0      
       snprintf.c.obj                 148     0         0      
       memset_t2.asm.obj              122     0         0      
       fd_tos_t2.asm.obj              110     0         0      
       copy_decompress_lzss.c.obj     104     0         0      
       s_frexp.c.obj                  100     0         0      
       _ltoa.c.obj                    84      0         0      
       atoi.c.obj                     76      0         0      
       fd_toi_t2.asm.obj              72      0         0      
       autoinit.c.obj                 68      0         0      
       fd_tou_t2.asm.obj              68      0         0      
       strtok.c.obj                   64      0         4      
       strncpy.c.obj                  54      0         0      
       boot_cortex_m.c.obj            52      0         0      
       i_tofd_t2.asm.obj              46      0         0      
       strspn.c.obj                   42      0         0      
       strcspn.c.obj                  36      0         0      
       u_tofd_t2.asm.obj              32      0         0      
       memccpy.c.obj                  28      0         0      
       s_copysign.c.obj               26      0         0      
       ll_mul_t2.asm.obj              24      0         0      
       strcmp.c.obj                   24      0         0      
       strrchr.c.obj                  24      0         0      
       strchr.c.obj                   22      0         0      
       strcpy.c.obj                   20      0         0      
       strlen.c.obj                   20      0         0      
       wcslen.c.obj                   18      0         0      
       tolower.c.obj                  16      0         0      
       copy_decompress_none.c.obj     14      0         0      
       copy_zero_init.c.obj           12      0         0      
       errno.c.obj                    8       0         4      
       _lock.c.obj                    2       0         8      
       exit.c.obj                     4       0         0      
       pre_init.c.obj                 4       0         0      
       div0.asm.obj                   2       0         0      
    +--+------------------------------+-------+---------+---------+
       Total:                         14229   473       24     
                                                               
       Heap:                          0       0         1024   
       Stack:                         0       0         10000  
       Linker Generated:              0       76        0      
    +--+------------------------------+-------+---------+---------+
       Grand Total:                   37655   1187      13216  


LINKER GENERATED COPY TABLES

__TI_cinit_table @ 000097c0 records: 2, size/record: 8, table size: 16
	.data: load addr=00009780, load size=00000028 bytes, run addr=20003338, run size=0000006b bytes, compression=lzss
	.bss: load addr=000097b8, load size=00000008 bytes, run addr=20002710, run size=00000827 bytes, compression=zero_init


LINKER GENERATED HANDLER TABLE

__TI_handler_table @ 000097a8 records: 3, size/record: 4, table size: 12
	index: 0, handler: __TI_decompress_lzss
	index: 1, handler: __TI_decompress_none
	index: 2, handler: __TI_zero_init


GLOBAL SYMBOLS: SORTED ALPHABETICALLY BY Name 

address   name                                
-------   ----                                
0000958d  C$$EXIT                             
00009563  ResetISR                            
20002710  __STACK_END                         
00002710  __STACK_SIZE                        
20000200  __STACK_TOP                         
00000400  __SYSMEM_SIZE                       
000097c0  __TI_CINIT_Base                     
000097d0  __TI_CINIT_Limit                    
000097a8  __TI_Handler_Table_Base             
000097b4  __TI_Handler_Table_Limit            
00009151  __TI_auto_init_nobinit_nopinit      
00008ea9  __TI_decompress_lzss                
00009549  __TI_decompress_none                
00008fcb  __TI_ltoa                           
ffffffff  __TI_pprof_out_hndl                 
000035b9  __TI_printfi                        
ffffffff  __TI_prof_data_size                 
ffffffff  __TI_prof_data_start                
00001fb9  __TI_scanfi                         
00000000  __TI_static_base__                  
00009557  __TI_zero_init                      
00008ae9  __aeabi_cdcmpeq                     
00008ae9  __aeabi_cdcmple                     
00008b6f  __aeabi_cdrcmple                    
00008dd3  __aeabi_d2f                         
00009109  __aeabi_d2iz                        
00009195  __aeabi_d2uiz                       
0000785b  __aeabi_dadd                        
00007f61  __aeabi_ddiv                        
00008735  __aeabi_dmul                        
00007851  __aeabi_dsub                        
00009571  __aeabi_errno_addr                  
0000932d  __aeabi_i2d                         
00007233  __aeabi_idiv0                       
00007233  __aeabi_ldiv0                       
0000947f  __aeabi_lmul                        
00008c79  __aeabi_memclr                      
00008c79  __aeabi_memclr4                     
00008c79  __aeabi_memclr8                     
000089b7  __aeabi_memcpy                      
000089b7  __aeabi_memcpy4                     
000089b7  __aeabi_memcpy8                     
00008c7b  __aeabi_memset                      
00008c7b  __aeabi_memset4                     
00008c7b  __aeabi_memset8                     
000093f5  __aeabi_ui2d                        
00008a53  __aeabi_uldivmod                    
ffffffff  __binit__                           
ffffffff  __c_args__                          
UNDEFED   __mpu_init                          
20000000  __stack                             
20000000  __start___llvm_prf_cnts             
20000000  __stop___llvm_prf_cnts              
000092c9  _c_int00_noargs                     
00009590  _ctypes_                            
20003364  _lock                               
00004007  _nop                                
20002f38  _sys_memory                         
UNDEFED   _system_post_cinit                  
00009589  _system_pre_init                    
20003368  _unlock                             
0000958d  abort                               
200033a1  ackInProcess                        
00008635  aligned_alloc                       
20003353  arpNeeded                           
0000171f  asciiToUint8                        
00009071  atoi                                
ffffffff  binit                               
00006143  calcIpChecksum                      
00000de1  callbackDhcpDiscoverNeeded          
00000287  callbackDhcpGetNewAddressTimer      
0000031d  callbackDhcpIpConflictWindow        
000002e1  callbackDhcpLeaseEndTimer           
00000def  callbackDhcpRequestNeeded           
000002a9  callbackDhcpT1HitTimer              
000002a1  callbackDhcpT1PeriodicTimer         
000002c9  callbackDhcpT2HitTimer              
000002c1  callbackDhcpT2PeriodicTimer         
000050e3  clearEtherReg                       
00004e71  clearPinInterrupt                   
20002f04  clientArr                           
20002f14  clientSequence                      
00002c39  connectMqtt                         
0000944d  copysign                            
0000944d  copysignl                           
20003357  count                               
20002710  data                                
20003374  dataSize                            
000058a3  decrypt                             
00006d23  deleteSocket                        
20003356  dhcpEnabled                         
20002f18  dhcpOfferedIpAdd                    
20003348  dhcpRequestTries                    
20002f1c  dhcpServerIpAdd                     
20003355  dhcpState                           
00001273  disableDhcp                         
0000503b  disableEtherCs                      
00008869  disableNvicInterrupt                
00004e4d  disablePinInterrupt                 
00004b85  disablePinPulldown                  
00004b3d  disablePinPullup                    
000048d9  disablePort                         
00002dc9  disconnectMqtt                      
20003350  discoverNeeded                      
00001309  displayConnectionInfo               
2000335d  doorStatus                          
2000335e  doorTampered                        
0000121d  enableDhcp                          
00005025  enableEtherCs                       
00008831  enableNvicInterrupt                 
00004e29  enablePinInterrupt                  
00004b61  enablePinPulldown                   
00004b0f  enablePinPullup                     
0000481d  enablePort                          
0000588f  encrypt                             
20003398  errno                               
20003358  flag                                
20002e64  fn                                  
00008f11  frexp                               
00008f11  frexpl                              
00000000  g_pfnVectors                        
00005739  gcd                                 
00005829  generate_keys                       
0000400f  getAckNumber                        
00000341  getDhcpLeaseSeconds                 
00000b47  getDhcpOption                       
00000281  getDhcpState                        
0000563f  getEtherId                          
000056d9  getEtherMacAddress                  
00005419  getEtherPacket                      
00005e0d  getIpAddress                        
00006111  getIpChecksum                       
00005f69  getIpDnsAddress                     
00005ef5  getIpGatewayAddress                 
00006055  getIpMqttBrokerAddress              
00005e81  getIpSubnetMask                     
00005fdd  getIpTimeServerAddress              
00004edf  getPinValue                         
00004f95  getPortValue                        
00004009  getSeqNumber                        
00006d8b  getSocketInfoFromArpResponse        
00006ead  getSocketInfoFromTcpPacket          
00006e03  getSocketInfoFromUdpPacket          
00004037  getTcpState                         
00007009  getUdpData                          
0000829f  getcUart0                           
00000cf7  handleDhcpAck                       
00005613  htonl                               
000055ef  htons                               
2000337c  hwAddress                           
0000564b  incEtherId                          
00005ab3  initDoor                            
00008bf5  initEeprom                          
0000522f  initEther                           
000012c9  initHw                              
00006c81  initSockets                         
00007b69  initSpi0                            
00009529  initSystemClockTo40Mhz              
000065e9  initTimer                           
000081c9  initUart0                           
2000335a  interruptCounter                    
20003382  ipAddress                           
20003354  ipConflictDetectionMode             
20003386  ipDnsAddress                        
2000338a  ipGwAddress                         
2000338e  ipSubnetMask                        
20003392  ipTimeServerAddress                 
0000698d  isArpRequest                        
00006a31  isArpResponse                       
00000c59  isDhcpAck                           
00001297  isDhcpEnabled                       
0000033b  isDhcpIpConflictDetectionMode       
00000ba9  isDhcpOffer                         
00000347  isDhcpResponse                      
000053cf  isEtherDataAvailable                
00005dad  isEtherIpValid                      
000053b5  isEtherLinkUp                       
000053e9  isEtherOverflow                     
00005cdd  isIp                                
00005d4d  isIpUnicast                         
00007a07  isPingRequest                       
00002ad5  isPublishMessage                    
20003360  isSendChallengeResponse             
000040bb  isTcp                               
00004127  isTcpAck                            
000040e7  isTcpFlag                           
0000458d  isTcpPortOpen                       
00006f61  isUdp                               
2000334c  k                                   
000082b3  kbhitUart0                          
2000335f  keyRequest                          
00005be5  kickIsr                             
00008415  ldexp                               
00008415  ldexpl                              
2000333c  leaseSeconds                        
20003340  leaseT1                             
20003344  leaseT2                             
00005b57  lockTimeout                         
00001d3d  main                                
00009581  malloc                              
00008635  memalign                            
00009431  memccpy                             
000089b7  memcpy                              
00008c81  memset                              
000057cd  mod_exp                             
0000575b  mod_inverse                         
2000335c  motorNeeded                         
2000337b  mqttPingNeeded                      
00006cb9  newSocket                           
20003361  nextPacketLsb                       
20003362  nextPacketMsb                       
20002f34  payloadSize                         
20002e8c  period                              
00005ba5  pinClear                            
20002f20  privateKey                          
000058b7  processChallengeRequestSendPublicKey
000059c7  processChallengeRespond             
00001149  processDhcpArpResponse              
0000105d  processDhcpResponse                 
0000594d  processKey                          
00002af7  processMqttPublish                  
000017c9  processShell                        
0000448d  processTcpArpResponse               
0000429d  processTcpResponse                  
200033a2  pshInProcess                        
20002f24  publicKey                           
00002e65  publishMqtt                         
00005509  putEtherPacket                      
00008257  putcUart0                           
00008273  putsUart0                           
00006977  random32                            
20002f28  range                               
0000165f  readConfiguration                   
00008c3d  readEeprom                          
00005217  readEtherMem                        
0000516b  readEtherPhy                        
0000507d  readEtherReg                        
00007ca1  readSpi0Data                        
00000303  releaseDhcp                         
20003352  releaseNeeded                       
20002ef8  reload                              
0000028b  renewDhcp                           
0000032b  requestDhcpIpConflictTest           
00000289  requestDhcpNewAddress               
20003351  requestNeeded                       
00006857  restartTimer                        
20002edc  sMQTT                               
00008415  scalbn                              
00008415  scalbnl                             
00004a43  selectPinAnalogInput                
000049f5  selectPinDigitalInput               
00004d5f  selectPinInterruptBothEdges         
00004d0f  selectPinInterruptFallingEdge       
00004db5  selectPinInterruptHighLevel         
00004def  selectPinInterruptLowLevel          
00004cbf  selectPinInterruptRisingEdge        
000049a7  selectPinOpenDrainOutput            
00004959  selectPinPushPullOutput             
00006b63  sendArpRequest                      
00006a85  sendArpResponse                     
00005993  sendChallengeResponse               
000003ed  sendDhcpMessage                     
00000e31  sendDhcpPendingMessages             
00005a27  sendDoorMessage                     
20003376  sendMqttConnect                     
20003377  sendMqttDisconnect                  
0000335d  sendMqttMessage                     
00002acd  sendMqttPingReq                     
20003378  sendMqttPublish                     
20003379  sendMqttSubscribe                   
2000337a  sendMqttUnsubscribe                 
00003251  sendPendingMqtt                     
00007a4b  sendPingRequest                     
00007a57  sendPingResponse                    
0000415f  sendTcpPendingMessages              
000045f9  sendTcpResponse                     
00007035  sendUdpMessage                      
20003363  sequenceId                          
20002f2c  serverSequence                      
00004083  setCloseState                       
0000026d  setDhcpState                        
00005117  setEtherBank                        
00005655  setEtherMacAddress                  
000050af  setEtherReg                         
00005dd3  setIpAddress                        
00005f2f  setIpDnsAddress                     
00005ebb  setIpGatewayAddress                 
00006017  setIpMqttBrokerAddress              
00005e47  setIpSubnetMask                     
00005fa3  setIpTimeServerAddress              
000088a1  setNvicInterruptPriority            
00004bad  setPinAuxFunction                   
00004a93  setPinCommitControl                 
00004e95  setPinValue                         
00004f1d  setPortValue                        
00007c05  setSpi0BaudRate                     
00007c3b  setSpi0Mode                         
0000452d  setTcpPortList                      
0000401b  setTcpState                         
00008213  setUart0BaudRate                    
000090bd  snprintf                            
20002cc4  sockets                             
00009259  sscanf                              
00005205  startEtherMemRead                   
000051d7  startEtherMemWrite                  
00006689  startOneshotTimer                   
0000671d  startPeriodicTimer                  
00006817  stopAllTimers                       
00005227  stopEtherMemRead                    
000051fd  stopEtherMemWrite                   
000067b1  stopTimer                           
20002ddc  strInput                            
000094c7  strchr                              
00009497  strcmp                              
000094dd  strcpy                              
000093ad  strcspn                             
000094f1  strlen                              
00009291  strncpy                             
000094af  strrchr                             
0000935b  strspn                              
00006189  strtod                              
000091d9  strtok                              
00008099  strtol                              
00006189  strtold                             
000074a5  strtoll                             
00008525  strtoul                             
00007cc9  strtoull                            
0000300d  subscribeMqtt                       
0000609d  sumIpWords                          
200033a0  tcpPortCount                        
20002f0c  tcpPorts                            
20002f30  tcpState                            
0000404b  tcpTimeWait                         
000068e5  tickIsr                             
20002eb4  ticks                               
00004ebb  togglePinValue                      
20002e30  token                               
20002f36  tokenSize                           
00009539  tolower                             
00003139  unsubscribeMqtt                     
000093d1  waitMicrosecond                     
00009517  wcslen                              
00008c0b  writeEeprom                         
000051e9  writeEtherMem                       
00005133  writeEtherPhy                       
00005049  writeEtherReg                       
00007c89  writeSpi0Data                       
20003338  xid                                 


GLOBAL SYMBOLS: SORTED BY Symbol Address 

address   name                                
-------   ----                                
00000000  __TI_static_base__                  
00000000  g_pfnVectors                        
0000026d  setDhcpState                        
00000281  getDhcpState                        
00000287  callbackDhcpGetNewAddressTimer      
00000289  requestDhcpNewAddress               
0000028b  renewDhcp                           
000002a1  callbackDhcpT1PeriodicTimer         
000002a9  callbackDhcpT1HitTimer              
000002c1  callbackDhcpT2PeriodicTimer         
000002c9  callbackDhcpT2HitTimer              
000002e1  callbackDhcpLeaseEndTimer           
00000303  releaseDhcp                         
0000031d  callbackDhcpIpConflictWindow        
0000032b  requestDhcpIpConflictTest           
0000033b  isDhcpIpConflictDetectionMode       
00000341  getDhcpLeaseSeconds                 
00000347  isDhcpResponse                      
000003ed  sendDhcpMessage                     
00000400  __SYSMEM_SIZE                       
00000b47  getDhcpOption                       
00000ba9  isDhcpOffer                         
00000c59  isDhcpAck                           
00000cf7  handleDhcpAck                       
00000de1  callbackDhcpDiscoverNeeded          
00000def  callbackDhcpRequestNeeded           
00000e31  sendDhcpPendingMessages             
0000105d  processDhcpResponse                 
00001149  processDhcpArpResponse              
0000121d  enableDhcp                          
00001273  disableDhcp                         
00001297  isDhcpEnabled                       
000012c9  initHw                              
00001309  displayConnectionInfo               
0000165f  readConfiguration                   
0000171f  asciiToUint8                        
000017c9  processShell                        
00001d3d  main                                
00001fb9  __TI_scanfi                         
00002710  __STACK_SIZE                        
00002acd  sendMqttPingReq                     
00002ad5  isPublishMessage                    
00002af7  processMqttPublish                  
00002c39  connectMqtt                         
00002dc9  disconnectMqtt                      
00002e65  publishMqtt                         
0000300d  subscribeMqtt                       
00003139  unsubscribeMqtt                     
00003251  sendPendingMqtt                     
0000335d  sendMqttMessage                     
000035b9  __TI_printfi                        
00004007  _nop                                
00004009  getSeqNumber                        
0000400f  getAckNumber                        
0000401b  setTcpState                         
00004037  getTcpState                         
0000404b  tcpTimeWait                         
00004083  setCloseState                       
000040bb  isTcp                               
000040e7  isTcpFlag                           
00004127  isTcpAck                            
0000415f  sendTcpPendingMessages              
0000429d  processTcpResponse                  
0000448d  processTcpArpResponse               
0000452d  setTcpPortList                      
0000458d  isTcpPortOpen                       
000045f9  sendTcpResponse                     
0000481d  enablePort                          
000048d9  disablePort                         
00004959  selectPinPushPullOutput             
000049a7  selectPinOpenDrainOutput            
000049f5  selectPinDigitalInput               
00004a43  selectPinAnalogInput                
00004a93  setPinCommitControl                 
00004b0f  enablePinPullup                     
00004b3d  disablePinPullup                    
00004b61  enablePinPulldown                   
00004b85  disablePinPulldown                  
00004bad  setPinAuxFunction                   
00004cbf  selectPinInterruptRisingEdge        
00004d0f  selectPinInterruptFallingEdge       
00004d5f  selectPinInterruptBothEdges         
00004db5  selectPinInterruptHighLevel         
00004def  selectPinInterruptLowLevel          
00004e29  enablePinInterrupt                  
00004e4d  disablePinInterrupt                 
00004e71  clearPinInterrupt                   
00004e95  setPinValue                         
00004ebb  togglePinValue                      
00004edf  getPinValue                         
00004f1d  setPortValue                        
00004f95  getPortValue                        
00005025  enableEtherCs                       
0000503b  disableEtherCs                      
00005049  writeEtherReg                       
0000507d  readEtherReg                        
000050af  setEtherReg                         
000050e3  clearEtherReg                       
00005117  setEtherBank                        
00005133  writeEtherPhy                       
0000516b  readEtherPhy                        
000051d7  startEtherMemWrite                  
000051e9  writeEtherMem                       
000051fd  stopEtherMemWrite                   
00005205  startEtherMemRead                   
00005217  readEtherMem                        
00005227  stopEtherMemRead                    
0000522f  initEther                           
000053b5  isEtherLinkUp                       
000053cf  isEtherDataAvailable                
000053e9  isEtherOverflow                     
00005419  getEtherPacket                      
00005509  putEtherPacket                      
000055ef  htons                               
00005613  htonl                               
0000563f  getEtherId                          
0000564b  incEtherId                          
00005655  setEtherMacAddress                  
000056d9  getEtherMacAddress                  
00005739  gcd                                 
0000575b  mod_inverse                         
000057cd  mod_exp                             
00005829  generate_keys                       
0000588f  encrypt                             
000058a3  decrypt                             
000058b7  processChallengeRequestSendPublicKey
0000594d  processKey                          
00005993  sendChallengeResponse               
000059c7  processChallengeRespond             
00005a27  sendDoorMessage                     
00005ab3  initDoor                            
00005b57  lockTimeout                         
00005ba5  pinClear                            
00005be5  kickIsr                             
00005cdd  isIp                                
00005d4d  isIpUnicast                         
00005dad  isEtherIpValid                      
00005dd3  setIpAddress                        
00005e0d  getIpAddress                        
00005e47  setIpSubnetMask                     
00005e81  getIpSubnetMask                     
00005ebb  setIpGatewayAddress                 
00005ef5  getIpGatewayAddress                 
00005f2f  setIpDnsAddress                     
00005f69  getIpDnsAddress                     
00005fa3  setIpTimeServerAddress              
00005fdd  getIpTimeServerAddress              
00006017  setIpMqttBrokerAddress              
00006055  getIpMqttBrokerAddress              
0000609d  sumIpWords                          
00006111  getIpChecksum                       
00006143  calcIpChecksum                      
00006189  strtod                              
00006189  strtold                             
000065e9  initTimer                           
00006689  startOneshotTimer                   
0000671d  startPeriodicTimer                  
000067b1  stopTimer                           
00006817  stopAllTimers                       
00006857  restartTimer                        
000068e5  tickIsr                             
00006977  random32                            
0000698d  isArpRequest                        
00006a31  isArpResponse                       
00006a85  sendArpResponse                     
00006b63  sendArpRequest                      
00006c81  initSockets                         
00006cb9  newSocket                           
00006d23  deleteSocket                        
00006d8b  getSocketInfoFromArpResponse        
00006e03  getSocketInfoFromUdpPacket          
00006ead  getSocketInfoFromTcpPacket          
00006f61  isUdp                               
00007009  getUdpData                          
00007035  sendUdpMessage                      
00007233  __aeabi_idiv0                       
00007233  __aeabi_ldiv0                       
000074a5  strtoll                             
00007851  __aeabi_dsub                        
0000785b  __aeabi_dadd                        
00007a07  isPingRequest                       
00007a4b  sendPingRequest                     
00007a57  sendPingResponse                    
00007b69  initSpi0                            
00007c05  setSpi0BaudRate                     
00007c3b  setSpi0Mode                         
00007c89  writeSpi0Data                       
00007ca1  readSpi0Data                        
00007cc9  strtoull                            
00007f61  __aeabi_ddiv                        
00008099  strtol                              
000081c9  initUart0                           
00008213  setUart0BaudRate                    
00008257  putcUart0                           
00008273  putsUart0                           
0000829f  getcUart0                           
000082b3  kbhitUart0                          
00008415  ldexp                               
00008415  ldexpl                              
00008415  scalbn                              
00008415  scalbnl                             
00008525  strtoul                             
00008635  aligned_alloc                       
00008635  memalign                            
00008735  __aeabi_dmul                        
00008831  enableNvicInterrupt                 
00008869  disableNvicInterrupt                
000088a1  setNvicInterruptPriority            
000089b7  __aeabi_memcpy                      
000089b7  __aeabi_memcpy4                     
000089b7  __aeabi_memcpy8                     
000089b7  memcpy                              
00008a53  __aeabi_uldivmod                    
00008ae9  __aeabi_cdcmpeq                     
00008ae9  __aeabi_cdcmple                     
00008b6f  __aeabi_cdrcmple                    
00008bf5  initEeprom                          
00008c0b  writeEeprom                         
00008c3d  readEeprom                          
00008c79  __aeabi_memclr                      
00008c79  __aeabi_memclr4                     
00008c79  __aeabi_memclr8                     
00008c7b  __aeabi_memset                      
00008c7b  __aeabi_memset4                     
00008c7b  __aeabi_memset8                     
00008c81  memset                              
00008dd3  __aeabi_d2f                         
00008ea9  __TI_decompress_lzss                
00008f11  frexp                               
00008f11  frexpl                              
00008fcb  __TI_ltoa                           
00009071  atoi                                
000090bd  snprintf                            
00009109  __aeabi_d2iz                        
00009151  __TI_auto_init_nobinit_nopinit      
00009195  __aeabi_d2uiz                       
000091d9  strtok                              
00009259  sscanf                              
00009291  strncpy                             
000092c9  _c_int00_noargs                     
0000932d  __aeabi_i2d                         
0000935b  strspn                              
000093ad  strcspn                             
000093d1  waitMicrosecond                     
000093f5  __aeabi_ui2d                        
00009431  memccpy                             
0000944d  copysign                            
0000944d  copysignl                           
0000947f  __aeabi_lmul                        
00009497  strcmp                              
000094af  strrchr                             
000094c7  strchr                              
000094dd  strcpy                              
000094f1  strlen                              
00009517  wcslen                              
00009529  initSystemClockTo40Mhz              
00009539  tolower                             
00009549  __TI_decompress_none                
00009557  __TI_zero_init                      
00009563  ResetISR                            
00009571  __aeabi_errno_addr                  
00009581  malloc                              
00009589  _system_pre_init                    
0000958d  C$$EXIT                             
0000958d  abort                               
00009590  _ctypes_                            
000097a8  __TI_Handler_Table_Base             
000097b4  __TI_Handler_Table_Limit            
000097c0  __TI_CINIT_Base                     
000097d0  __TI_CINIT_Limit                    
20000000  __stack                             
20000000  __start___llvm_prf_cnts             
20000000  __stop___llvm_prf_cnts              
20000200  __STACK_TOP                         
20002710  __STACK_END                         
20002710  data                                
20002cc4  sockets                             
20002ddc  strInput                            
20002e30  token                               
20002e64  fn                                  
20002e8c  period                              
20002eb4  ticks                               
20002edc  sMQTT                               
20002ef8  reload                              
20002f04  clientArr                           
20002f0c  tcpPorts                            
20002f14  clientSequence                      
20002f18  dhcpOfferedIpAdd                    
20002f1c  dhcpServerIpAdd                     
20002f20  privateKey                          
20002f24  publicKey                           
20002f28  range                               
20002f2c  serverSequence                      
20002f30  tcpState                            
20002f34  payloadSize                         
20002f36  tokenSize                           
20002f38  _sys_memory                         
20003338  xid                                 
2000333c  leaseSeconds                        
20003340  leaseT1                             
20003344  leaseT2                             
20003348  dhcpRequestTries                    
2000334c  k                                   
20003350  discoverNeeded                      
20003351  requestNeeded                       
20003352  releaseNeeded                       
20003353  arpNeeded                           
20003354  ipConflictDetectionMode             
20003355  dhcpState                           
20003356  dhcpEnabled                         
20003357  count                               
20003358  flag                                
2000335a  interruptCounter                    
2000335c  motorNeeded                         
2000335d  doorStatus                          
2000335e  doorTampered                        
2000335f  keyRequest                          
20003360  isSendChallengeResponse             
20003361  nextPacketLsb                       
20003362  nextPacketMsb                       
20003363  sequenceId                          
20003364  _lock                               
20003368  _unlock                             
20003374  dataSize                            
20003376  sendMqttConnect                     
20003377  sendMqttDisconnect                  
20003378  sendMqttPublish                     
20003379  sendMqttSubscribe                   
2000337a  sendMqttUnsubscribe                 
2000337b  mqttPingNeeded                      
2000337c  hwAddress                           
20003382  ipAddress                           
20003386  ipDnsAddress                        
2000338a  ipGwAddress                         
2000338e  ipSubnetMask                        
20003392  ipTimeServerAddress                 
20003398  errno                               
200033a0  tcpPortCount                        
200033a1  ackInProcess                        
200033a2  pshInProcess                        
ffffffff  __TI_pprof_out_hndl                 
ffffffff  __TI_prof_data_size                 
ffffffff  __TI_prof_data_start                
ffffffff  __binit__                           
ffffffff  __c_args__                          
ffffffff  binit                               
UNDEFED   __mpu_init                          
UNDEFED   _system_post_cinit                  

[348 symbols]
