******************************************************************************
                  TI ARM Linker PC v20.2.7                     
******************************************************************************
>> Linked Tue Apr 23 20:22:20 2024

OUTPUT FILE NAME:   <LGBT Lights.out>
ENTRY POINT SYMBOL: "_c_int00_noargs"  address: 000010cd


MEMORY CONFIGURATION

         name            origin    length      used     unused   attr    fill
----------------------  --------  ---------  --------  --------  ----  --------
  FLASH                 00000000   00040000  000011e6  0003ee1a  R  X
  SRAM                  20000000   00008000  0000105e  00006fa2  RW X


SEGMENT ALLOCATION MAP

run origin  load origin   length   init length attrs members
----------  ----------- ---------- ----------- ----- -------
00000000    00000000    000011e8   000011e8    r-x
  00000000    00000000    0000026c   0000026c    r-- .intvecs
  0000026c    0000026c    00000f4a   00000f4a    r-x .text
  000011b8    000011b8    00000030   00000030    r-- .cinit
20000000    20000000    0000105e   00000000    rw-
  20000000    20000000    00001000   00000000    rw- .stack
  20001000    20001000    00000058   00000000    rw- .bss
  20001058    20001058    00000006   00000000    rw- .data


SECTION ALLOCATION MAP

 output                                  attributes/
section   page    origin      length       input sections
--------  ----  ----------  ----------   ----------------
.intvecs   0    00000000    0000026c     
                  00000000    0000026c     tm4c123gh6pm_startup_ccs.obj (.intvecs)

.text      0    0000026c    00000f4a     
                  0000026c    00000808     gpio.obj (.text)
                  00000a74    000002d4     iot_hardware2.obj (.text)
                  00000d48    00000128     uart0.obj (.text)
                  00000e70    000000d4     nvic.obj (.text)
                  00000f44    0000009c     rtsv7M4_T_le_v4SPD16_eabi.lib : memcpy_t2.asm.obj (.text)
                  00000fe0    00000068                                   : copy_decompress_lzss.c.obj (.text:decompress:lzss:__TI_decompress_lzss)
                  00001048    00000044                                   : autoinit.c.obj (.text:__TI_auto_init_nobinit_nopinit:__TI_auto_init_nobinit_nopinit)
                  0000108c    00000040                                   : strtok.c.obj (.text:strtok)
                  000010cc    00000034                                   : boot_cortex_m.c.obj (.text:_c_int00_noargs:_c_int00_noargs)
                  00001100    0000002a                                   : strspn.c.obj (.text:strspn)
                  0000112a    00000024                                   : strcspn.c.obj (.text:strcspn)
                  0000114e    0000001c                                   : copy_zero_init.c.obj (.text:decompress:ZI:__TI_zero_init_nomemset:__TI_zero_init_nomemset)
                  0000116a    00000018                                   : strcmp.c.obj (.text:strcmp)
                  00001182    00000002     --HOLE-- [fill = 0]
                  00001184    00000010     clock.obj (.text)
                  00001194    0000000e     rtsv7M4_T_le_v4SPD16_eabi.lib : copy_decompress_none.c.obj (.text:decompress:none:__TI_decompress_none)
                  000011a2    0000000c     tm4c123gh6pm_startup_ccs.obj (.text)
                  000011ae    00000004     rtsv7M4_T_le_v4SPD16_eabi.lib : pre_init.c.obj (.text:_system_pre_init)
                  000011b2    00000004                                   : exit.c.obj (.text:abort:abort)

.cinit     0    000011b8    00000030     
                  000011b8    0000000c     (__TI_handler_table)
                  000011c4    00000004     --HOLE-- [fill = 0]
                  000011c8    00000008     (.cinit..bss.load) [load image, compression = zero_init]
                  000011d0    00000008     (.cinit..data.load) [load image, compression = lzss]
                  000011d8    00000010     (__TI_cinit_table)

.init_array 
*          0    00000000    00000000     UNINITIALIZED

.bss       0    20001000    00000058     UNINITIALIZED
                  20001000    00000054     (.common:strInput)
                  20001054    00000004     (.common:token)

.data      0    20001058    00000006     UNINITIALIZED
                  20001058    00000004     rtsv7M4_T_le_v4SPD16_eabi.lib : strtok.c.obj (.data)
                  2000105c    00000002     iot_hardware2.obj (.data)

.stack     0    20000000    00001000     UNINITIALIZED
                  20000000    00000004     rtsv7M4_T_le_v4SPD16_eabi.lib : boot_cortex_m.c.obj (.stack)
                  20000004    00000ffc     --HOLE--

__llvm_prf_cnts 
*          0    20000000    00000000     UNINITIALIZED

MODULE SUMMARY

       Module                         code   ro data   rw data
       ------                         ----   -------   -------
    .\
       gpio.obj                       2056   0         0      
       iot_hardware2.obj              724    0         90     
       tm4c123gh6pm_startup_ccs.obj   12     620       0      
       uart0.obj                      296    0         0      
       nvic.obj                       212    0         0      
       clock.obj                      16     0         0      
    +--+------------------------------+------+---------+---------+
       Total:                         3316   620       90     
                                                              
    C:\ti\ccs1240\ccs\tools\compiler\ti-cgt-arm_20.2.7.LTS\lib\rtsv7M4_T_le_v4SPD16_eabi.lib
       memcpy_t2.asm.obj              156    0         0      
       copy_decompress_lzss.c.obj     104    0         0      
       autoinit.c.obj                 68     0         0      
       strtok.c.obj                   64     0         4      
       boot_cortex_m.c.obj            52     0         0      
       strspn.c.obj                   42     0         0      
       strcspn.c.obj                  36     0         0      
       copy_zero_init.c.obj           28     0         0      
       strcmp.c.obj                   24     0         0      
       copy_decompress_none.c.obj     14     0         0      
       exit.c.obj                     4      0         0      
       pre_init.c.obj                 4      0         0      
    +--+------------------------------+------+---------+---------+
       Total:                         596    0         4      
                                                              
       Stack:                         0      0         4096   
       Linker Generated:              0      44        0      
    +--+------------------------------+------+---------+---------+
       Grand Total:                   3912   664       4190   


LINKER GENERATED COPY TABLES

__TI_cinit_table @ 000011d8 records: 2, size/record: 8, table size: 16
	.bss: load addr=000011c8, load size=00000008 bytes, run addr=20001000, run size=00000058 bytes, compression=zero_init
	.data: load addr=000011d0, load size=00000008 bytes, run addr=20001058, run size=00000006 bytes, compression=lzss


LINKER GENERATED HANDLER TABLE

__TI_handler_table @ 000011b8 records: 3, size/record: 4, table size: 12
	index: 0, handler: __TI_decompress_lzss
	index: 1, handler: __TI_decompress_none
	index: 2, handler: __TI_zero_init


GLOBAL SYMBOLS: SORTED ALPHABETICALLY BY Name 

address   name                          
-------   ----                          
000011b3  C$$EXIT                       
000011a3  ResetISR                      
20001000  __STACK_END                   
00001000  __STACK_SIZE                  
20000200  __STACK_TOP                   
000011d8  __TI_CINIT_Base               
000011e8  __TI_CINIT_Limit              
000011b8  __TI_Handler_Table_Base       
000011c4  __TI_Handler_Table_Limit      
00001049  __TI_auto_init_nobinit_nopinit
00000fe1  __TI_decompress_lzss          
00001195  __TI_decompress_none          
ffffffff  __TI_pprof_out_hndl           
ffffffff  __TI_prof_data_size           
ffffffff  __TI_prof_data_start          
00000000  __TI_static_base__            
0000114f  __TI_zero_init_nomemset       
00000f45  __aeabi_memcpy                
00000f45  __aeabi_memcpy4               
00000f45  __aeabi_memcpy8               
ffffffff  __binit__                     
ffffffff  __c_args__                    
UNDEFED   __mpu_init                    
20000000  __stack                       
20000000  __start___llvm_prf_cnts       
20000000  __stop___llvm_prf_cnts        
000010cd  _c_int00_noargs               
UNDEFED   _system_post_cinit            
000011af  _system_pre_init              
000011b3  abort                         
ffffffff  binit                         
000008c1  clearPinInterrupt             
00000b1d  cooldown                      
2000105c  count                         
00000ea9  disableNvicInterrupt          
0000089d  disablePinInterrupt           
000005d5  disablePinPulldown            
0000058d  disablePinPullup              
00000329  disablePort                   
00000e71  enableNvicInterrupt           
00000879  enablePinInterrupt            
000005b1  enablePinPulldown             
0000055f  enablePinPullup               
0000026d  enablePort                    
2000105d  flag                          
00000000  g_pfnVectors                  
0000092f  getPinValue                   
000009e5  getPortValue                  
00000e1f  getcUart0                     
00000a75  initHw                        
00001185  initSystemClockTo40Mhz        
00000d49  initUart0                     
00000e33  kbhitUart0                    
00000b7d  kickIsr                       
00000c85  main                          
00000f45  memcpy                        
00000b35  pinClear                      
00000be7  processShell                  
00000dd7  putcUart0                     
00000df3  putsUart0                     
00000ba5  receiver                      
00000493  selectPinAnalogInput          
00000445  selectPinDigitalInput         
000007af  selectPinInterruptBothEdges   
0000075f  selectPinInterruptFallingEdge 
00000805  selectPinInterruptHighLevel   
0000083f  selectPinInterruptLowLevel    
0000070f  selectPinInterruptRisingEdge  
000003f7  selectPinOpenDrainOutput      
000003a9  selectPinPushPullOutput       
00000ee1  setNvicInterruptPriority      
000005fd  setPinAuxFunction             
000004e3  setPinCommitControl           
000008e5  setPinValue                   
0000096d  setPortValue                  
00000d93  setUart0BaudRate              
20001000  strInput                      
0000116b  strcmp                        
0000112b  strcspn                       
00001101  strspn                        
0000108d  strtok                        
0000090b  togglePinValue                
20001054  token                         


GLOBAL SYMBOLS: SORTED BY Symbol Address 

address   name                          
-------   ----                          
00000000  __TI_static_base__            
00000000  g_pfnVectors                  
0000026d  enablePort                    
00000329  disablePort                   
000003a9  selectPinPushPullOutput       
000003f7  selectPinOpenDrainOutput      
00000445  selectPinDigitalInput         
00000493  selectPinAnalogInput          
000004e3  setPinCommitControl           
0000055f  enablePinPullup               
0000058d  disablePinPullup              
000005b1  enablePinPulldown             
000005d5  disablePinPulldown            
000005fd  setPinAuxFunction             
0000070f  selectPinInterruptRisingEdge  
0000075f  selectPinInterruptFallingEdge 
000007af  selectPinInterruptBothEdges   
00000805  selectPinInterruptHighLevel   
0000083f  selectPinInterruptLowLevel    
00000879  enablePinInterrupt            
0000089d  disablePinInterrupt           
000008c1  clearPinInterrupt             
000008e5  setPinValue                   
0000090b  togglePinValue                
0000092f  getPinValue                   
0000096d  setPortValue                  
000009e5  getPortValue                  
00000a75  initHw                        
00000b1d  cooldown                      
00000b35  pinClear                      
00000b7d  kickIsr                       
00000ba5  receiver                      
00000be7  processShell                  
00000c85  main                          
00000d49  initUart0                     
00000d93  setUart0BaudRate              
00000dd7  putcUart0                     
00000df3  putsUart0                     
00000e1f  getcUart0                     
00000e33  kbhitUart0                    
00000e71  enableNvicInterrupt           
00000ea9  disableNvicInterrupt          
00000ee1  setNvicInterruptPriority      
00000f45  __aeabi_memcpy                
00000f45  __aeabi_memcpy4               
00000f45  __aeabi_memcpy8               
00000f45  memcpy                        
00000fe1  __TI_decompress_lzss          
00001000  __STACK_SIZE                  
00001049  __TI_auto_init_nobinit_nopinit
0000108d  strtok                        
000010cd  _c_int00_noargs               
00001101  strspn                        
0000112b  strcspn                       
0000114f  __TI_zero_init_nomemset       
0000116b  strcmp                        
00001185  initSystemClockTo40Mhz        
00001195  __TI_decompress_none          
000011a3  ResetISR                      
000011af  _system_pre_init              
000011b3  C$$EXIT                       
000011b3  abort                         
000011b8  __TI_Handler_Table_Base       
000011c4  __TI_Handler_Table_Limit      
000011d8  __TI_CINIT_Base               
000011e8  __TI_CINIT_Limit              
20000000  __stack                       
20000000  __start___llvm_prf_cnts       
20000000  __stop___llvm_prf_cnts        
20000200  __STACK_TOP                   
20001000  __STACK_END                   
20001000  strInput                      
20001054  token                         
2000105c  count                         
2000105d  flag                          
ffffffff  __TI_pprof_out_hndl           
ffffffff  __TI_prof_data_size           
ffffffff  __TI_prof_data_start          
ffffffff  __binit__                     
ffffffff  __c_args__                    
ffffffff  binit                         
UNDEFED   __mpu_init                    
UNDEFED   _system_post_cinit            

[83 symbols]
